// Vitest Snapshot v1, https://vitest.dev/guide/snapshot.html

exports[`App component > render navbar and home on first load 1`] = `
<div>
  <p>
    Loading...
  </p>
</div>
`;
